
> web@0.1.0 build
> next build

   Γû▓ Next.js 15.1.11
   - Environments: .env.local

   Creating an optimized production build ...
node.exe : Failed to 
compile.
At line:1 char:1
+ & "C:\Program Files
\nodejs/node.exe" 
"C:\Program 
Files\nodejs/node_mo 
...
+ ~~~~~~~~~~~~~~~~~~~
~~~~~~~~~~~~~~~~~~~~~
~~~~~~~~~~~~~~~~~~~~~
~~~~~~~~
    + CategoryInfo   
           : NotSpe  
  cified: (Failed    
 to compile.:Stri    
ng) [], RemoteEx    
ception
    + FullyQualified 
   ErrorId : Native  
  CommandError
 

./src/components/Navb
ar.tsx
Error:   [31mx[0m 
Unexpected token 
`nav`. Expected jsx 
identifier
    ,-[[36;1;4mC:\Us
ers\Hari Haran\Docume
nts\Harishblog\src\co
mponents\Navbar.tsx[
0m:36:1]
 [2m33[0m |     }, 
[]);
 [2m34[0m | 
 [2m35[0m |     
return (
 [2m36[0m |        
 <nav
    : [35;1m        
 ^^^[0m
 [2m37[0m |        
     
className={`fixed 
top-0 left-0 right-0 
z-50 transition-all 
duration-300 px-4 
py-6`}
 [2m38[0m |        
 >
 [2m38[0m |        
     <div className={
`container mx-auto 
max-w-5xl h-14 
rounded-2xl flex 
justify-between 
items-center 
transition-all 
duration-500 border 
${scrolled
    `----

Caused by:
    Syntax Error

Import trace for 
requested module:
./src/components/Navb
ar.tsx
./src/components/Clie
ntLayout.tsx


> Build failed 
because of webpack 
errors
