src/app/page.tsx(97,9): error TS2322: Type '{ stats: any[]; socialLinks: {}; id?: string | undefined; name: string; about: string | null; location: string | null; trainingStats?: unknown; email?: string | null | undefined; headline: string | null; ... 4 more ...; updatedAt?: Date | ... 1 more ... | undefined; }' is not assignable to type 'Profile'.
  Types of property 'aboutImageUrl' are incompatible.
    Type 'string | null | undefined' is not assignable to type 'string | undefined'.
      Type 'null' is not assignable to type 'string | undefined'.
src/app/page.tsx(99,9): error TS2322: Type '{ title: string; id: string; thumbnail: string | null; description: string | null; technologies: unknown; liveUrl: string | null; repoUrl: string | null; category: string | null; featured: boolean | null; displayOrder: number | null; tags: unknown; createdAt: Date | null; }[]' is not assignable to type 'Project[]'.
  Type '{ title: string; id: string; thumbnail: string | null; description: string | null; technologies: unknown; liveUrl: string | null; repoUrl: string | null; category: string | null; featured: boolean | null; displayOrder: number | null; tags: unknown; createdAt: Date | null; }' is not assignable to type 'Project'.
    Types of property 'description' are incompatible.
      Type 'string | null' is not assignable to type 'string'.
        Type 'null' is not assignable to type 'string'.
src/app/page.tsx(100,9): error TS2322: Type '{ title: string; id: string; description: string | null; category: string | null; displayOrder: number | null; createdAt: Date; isActive: boolean | null; youtubeVideoId: string; thumbnailUrl: string | null; }[]' is not assignable to type 'Video[]'.
  Type '{ title: string; id: string; description: string | null; category: string | null; displayOrder: number | null; createdAt: Date; isActive: boolean | null; youtubeVideoId: string; thumbnailUrl: string | null; }' is not assignable to type 'Video'.
    Types of property 'description' are incompatible.
      Type 'string | null' is not assignable to type 'string | undefined'.
        Type 'null' is not assignable to type 'string | undefined'.
src/app/page.tsx(101,9): error TS2322: Type '{ id: string; role: string; description: string | null; displayOrder: number | null; createdAt: Date | null; company: string; logo: string | null; duration: string | null; }[]' is not assignable to type 'Experience[]'.
  Type '{ id: string; role: string; description: string | null; displayOrder: number | null; createdAt: Date | null; company: string; logo: string | null; duration: string | null; }' is not assignable to type 'Experience'.
    Types of property 'duration' are incompatible.
      Type 'string | null' is not assignable to type 'string'.
        Type 'null' is not assignable to type 'string'.
src/app/page.tsx(102,9): error TS2322: Type '{ details: string | null; id: string; displayOrder: number | null; logo: string | null; institution: string; degree: string; period: string | null; }[]' is not assignable to type 'Education[]'.
  Type '{ details: string | null; id: string; displayOrder: number | null; logo: string | null; institution: string; degree: string; period: string | null; }' is not assignable to type 'Education'.
    Types of property 'period' are incompatible.
      Type 'string | null' is not assignable to type 'string'.
        Type 'null' is not assignable to type 'string'.
src/app/page.tsx(103,9): error TS2322: Type '{ id: string; role: string; description: string | null; displayOrder: number | null; logo: string | null; duration: string | null; organization: string; }[]' is not assignable to type 'Volunteering[]'.
  Type '{ id: string; role: string; description: string | null; displayOrder: number | null; logo: string | null; duration: string | null; organization: string; }' is not assignable to type 'Volunteering'.
    Types of property 'duration' are incompatible.
      Type 'string | null' is not assignable to type 'string'.
        Type 'null' is not assignable to type 'string'.
src/app/page.tsx(105,9): error TS2322: Type '{ id: string; name: string; updatedAt: Date | null; displayOrder: number | null; createdAt: Date | null; logo: string; isActive: boolean | null; partnerType: string; }[]' is not assignable to type 'Partnership[]'.
  Type '{ id: string; name: string; updatedAt: Date | null; displayOrder: number | null; createdAt: Date | null; logo: string; isActive: boolean | null; partnerType: string; }' is not assignable to type 'Partnership'.
    Types of property 'isActive' are incompatible.
      Type 'boolean | null' is not assignable to type 'boolean'.
        Type 'null' is not assignable to type 'boolean'.
src/components/DetailModal.tsx(138,47): error TS2339: Property 'thumbnail' does not exist on type 'Project | Experience | Education | Volunteering'.
  Property 'thumbnail' does not exist on type 'Experience'.
src/components/DetailModal.tsx(139,62): error TS2339: Property 'thumbnail' does not exist on type 'Project | Experience | Education | Volunteering'.
  Property 'thumbnail' does not exist on type 'Experience'.
src/components/DetailModal.tsx(139,83): error TS2339: Property 'title' does not exist on type 'Project | Experience | Education | Volunteering'.
  Property 'title' does not exist on type 'Experience'.
src/components/DetailModal.tsx(142,55): error TS2339: Property 'title' does not exist on type 'Project | Experience | Education | Volunteering'.
  Property 'title' does not exist on type 'Experience'.
src/components/DetailModal.tsx(148,55): error TS2339: Property 'technologies' does not exist on type 'Project | Experience | Education | Volunteering'.
  Property 'technologies' does not exist on type 'Experience'.
src/components/DetailModal.tsx(152,125): error TS2339: Property 'title' does not exist on type 'Project | Experience | Education | Volunteering'.
  Property 'title' does not exist on type 'Experience'.
src/components/DetailModal.tsx(157,102): error TS2339: Property 'description' does not exist on type 'Project | Experience | Education | Volunteering'.
  Property 'description' does not exist on type 'Education'.
src/components/DetailModal.tsx(161,51): error TS2339: Property 'liveUrl' does not exist on type 'Project | Experience | Education | Volunteering'.
  Property 'liveUrl' does not exist on type 'Experience'.
src/components/DetailModal.tsx(162,63): error TS2339: Property 'liveUrl' does not exist on type 'Project | Experience | Education | Volunteering'.
  Property 'liveUrl' does not exist on type 'Experience'.
src/components/DetailModal.tsx(167,51): error TS2339: Property 'repoUrl' does not exist on type 'Project | Experience | Education | Volunteering'.
  Property 'repoUrl' does not exist on type 'Experience'.
src/components/DetailModal.tsx(168,63): error TS2339: Property 'repoUrl' does not exist on type 'Project | Experience | Education | Volunteering'.
  Property 'repoUrl' does not exist on type 'Experience'.
src/components/DetailModal.tsx(200,102): error TS2339: Property 'location' does not exist on type 'Project | Experience | Education | Volunteering'.
  Property 'location' does not exist on type 'Project'.
src/components/MainContent.tsx(214,17): error TS2322: Type 'Stat[] | undefined' is not assignable to type 'TrainingStat[] | undefined'.
  Type 'Stat[]' is not assignable to type 'TrainingStat[]'.
    Type 'Stat' is not assignable to type 'TrainingStat'.
      Types of property 'value' are incompatible.
        Type 'string | number' is not assignable to type 'string'.
          Type 'number' is not assignable to type 'string'.
src/components/MainContent.tsx(324,21): error TS2322: Type 'string | null' is not assignable to type 'string'.
  Type 'null' is not assignable to type 'string'.
src/components/MainContent.tsx(325,21): error TS2322: Type 'string | null' is not assignable to type 'string'.
  Type 'null' is not assignable to type 'string'.
src/components/MainContent.tsx(326,21): error TS2322: Type 'string | null' is not assignable to type 'string'.
  Type 'null' is not assignable to type 'string'.
